// Jest Snapshot v1, https://goo.gl/fbAQLP

exports[`<MoreMenu /> matches snapshot 1`] = `
<div>
  <button
    className="more"
    onClick={[Function]}
  >
     More 
  </button>
  <Popup
    arrow={true}
    arrowStyle={Object {}}
    className=""
    closeOnDocumentClick={true}
    closeOnEscape={true}
    contentStyle={Object {}}
    defaultOpen={false}
    keepTooltipInside={false}
    lockScroll={false}
    modal={true}
    mouseEnterDelay={100}
    mouseLeaveDelay={100}
    offsetX={0}
    offsetY={0}
    on={
      Array [
        "click",
      ]
    }
    onClose={[Function]}
    onOpen={[Function]}
    open={false}
    overlayStyle={Object {}}
    position="bottom center"
    trigger={null}
  >
    <div
      className="navbar-popup"
    >
      <NavLink
        activeClassName="active"
        aria-current="page"
        onClick={[Function]}
        to="/dashboard/csv"
      >
        Import CSV
      </NavLink>
      <br />
      <button
        className="more"
        onClick={[Function]}
      >
        Logout
      </button>
    </div>
  </Popup>
</div>
`;
