// Jest Snapshot v1, https://goo.gl/fbAQLP

exports[`<SignUp /> with redux renders the component correctly 1`] = `
<div>
  <form
    onSubmit={[Function]}
  >
    <h1
      className="logo"
    >
      Sum.
    </h1>
    <div
      className="ui field"
    >
      <input
        name="username"
        onChange={[Function]}
        placeholder="Username..."
        value=""
      />
    </div>
    <div
      className="ui field"
    >
      <input
        name="password"
        onChange={[Function]}
        placeholder="Password..."
        type="password"
        value=""
      />
    </div>
    <div
      className="ui field"
    >
      <input
        name="email"
        onChange={[Function]}
        placeholder="Email..."
        value=""
      />
    </div>
    <p>
      (this does not have to be a real email)
    </p>
    <button
      className="button"
      type="submit"
    >
      Sign up
    </button>
  </form>
</div>
`;
