// Jest Snapshot v1, https://goo.gl/fbAQLP

exports[`renders a <AreYouSure/> snapshot 1`] = `
Array [
  <div
    style={
      Object {
        "left": "0px",
        "position": "absolute",
        "top": "0px",
      }
    }
  />,
  <div
    className="popup-overlay"
    onClick={[Function]}
    style={
      Object {
        "background": "rgba(0, 0, 0,0.5)",
        "bottom": "0",
        "display": "flex",
        "left": "0",
        "position": "fixed",
        "right": "0",
        "top": "0",
        "zIndex": "999",
      }
    }
  >
    <div
      className="popup-content "
      onClick={[Function]}
      style={
        Object {
          "background": "rgb(255, 255, 255)",
          "border": "1px solid rgb(187, 187, 187)",
          "margin": "auto",
          "padding": "5px",
          "position": "relative",
          "width": "50%",
        }
      }
    >
      <div
        className="table-popup"
      >
        <p>
          this is a message
        </p>
        <button
          className="delete"
          onClick={[MockFunction]}
        >
          Delete
        </button>
        <button
          className="close"
          onClick={[MockFunction]}
        >
          Close
        </button>
      </div>
    </div>
  </div>,
]
`;
